[SIM]: ###### Reset DUT #######
[GEN]: OP: 1 ADDR: 70 WDATA: 25 HSIZE: 1 HBURST: 4 NUM BURSTS: 4
[DRV]: OP: 1 ADDR: 70 HTRANS: 2 WDATA: 78
[MON]: OP: 1 ADDR: 70 WDATA: 78 RDATA: 0 HRESP: 0
[DRV]: OP: 1 ADDR: 72 HTRANS: 3 WDATA: 91
[MON]: OP: 1 ADDR: 72 WDATA: 91 RDATA: 0 HRESP: 0
[DRV]: OP: 1 ADDR: 74 HTRANS: 3 WDATA: 51
[MON]: OP: 1 ADDR: 74 WDATA: 51 RDATA: 0 HRESP: 0
[DRV]: OP: 1 ADDR: 76 HTRANS: 3 WDATA: 54
[MON]: OP: 1 ADDR: 76 WDATA: 54 RDATA: 0 HRESP: 0
[DRV]: OP: 1 ADDR: 78 HTRANS: 3 WDATA: 66
[MON]: OP: 1 ADDR: 78 WDATA: 66 RDATA: 0 HRESP: 0
[DRV]: OP: 1 ADDR: 64 HTRANS: 3 WDATA: 33
[MON]: OP: 1 ADDR: 64 WDATA: 33 RDATA: 0 HRESP: 0
[DRV]: OP: 1 ADDR: 66 HTRANS: 3 WDATA: 29
[MON]: OP: 1 ADDR: 66 WDATA: 29 RDATA: 0 HRESP: 0
[DRV]: OP: 1 ADDR: 68 HTRANS: 3 WDATA: 2
[MON]: OP: 1 ADDR: 68 WDATA: 2 RDATA: 0 HRESP: 0
[SCO]: Scoreboard report Operation: 1 TOTAL BURSTS RECEIVED: 8 PASS: 8 FAIL: 0
[GEN]: OP: 0 ADDR: 96 WDATA: 54 HSIZE: 1 HBURST: 2 NUM BURSTS: 3
[DRV]: OP: 0 ADDR: 96 HTRANS: 2
[MON]: OP: 0 ADDR: 96 WDATA: 0 RDATA: 0 HRESP: 0
[DRV]: OP: 0 ADDR: 98 HTRANS: 3
[MON]: OP: 0 ADDR: 98 WDATA: 0 RDATA: 0 HRESP: 0
[DRV]: OP: 0 ADDR: 100 HTRANS: 3
[MON]: OP: 0 ADDR: 100 WDATA: 0 RDATA: 0 HRESP: 0
[DRV]: OP: 0 ADDR: 102 HTRANS: 3
[MON]: OP: 0 ADDR: 102 WDATA: 0 RDATA: 0 HRESP: 0
[SCO]: Scoreboard report Operation: 0 TOTAL BURSTS RECEIVED: 4 PASS: 4 FAIL: 0
[GEN]: OP: 0 ADDR: 100 WDATA: 43 HSIZE: 1 HBURST: 3 NUM BURSTS: 2
[DRV]: OP: 0 ADDR: 100 HTRANS: 2
[MON]: OP: 0 ADDR: 100 WDATA: 0 RDATA: 0 HRESP: 0
[DRV]: OP: 0 ADDR: 102 HTRANS: 3
[MON]: OP: 0 ADDR: 102 WDATA: 0 RDATA: 0 HRESP: 0
[DRV]: OP: 0 ADDR: 104 HTRANS: 3
[MON]: OP: 0 ADDR: 104 WDATA: 0 RDATA: 0 HRESP: 0
[DRV]: OP: 0 ADDR: 106 HTRANS: 3
[MON]: OP: 0 ADDR: 106 WDATA: 0 RDATA: 0 HRESP: 0
[SCO]: Scoreboard report Operation: 0 TOTAL BURSTS RECEIVED: 4 PASS: 4 FAIL: 0
[GEN]: OP: 0 ADDR: 98 WDATA: 19 HSIZE: 1 HBURST: 0 NUM BURSTS: 5
[DRV]: OP: 0 ADDR: 98 HTRANS: 2
[MON]: OP: 0 ADDR: 98 WDATA: 19 RDATA: 0 HRESP: 0
[SCO]: Scoreboard report Operation: 0 TOTAL BURSTS RECEIVED: 1 PASS: 1 FAIL: 0
[GEN]: OP: 0 ADDR: 80 WDATA: 57 HSIZE: 1 HBURST: 7 NUM BURSTS: 5
[DRV]: OP: 0 ADDR: 80 HTRANS: 2
[MON]: OP: 0 ADDR: 80 WDATA: 0 RDATA: 0 HRESP: 0
[DRV]: OP: 0 ADDR: 82 HTRANS: 3
[MON]: OP: 0 ADDR: 82 WDATA: 0 RDATA: 0 HRESP: 0
[DRV]: OP: 0 ADDR: 84 HTRANS: 3
[MON]: OP: 0 ADDR: 84 WDATA: 0 RDATA: 0 HRESP: 0
[DRV]: OP: 0 ADDR: 86 HTRANS: 3
[MON]: OP: 0 ADDR: 86 WDATA: 0 RDATA: 0 HRESP: 0
[DRV]: OP: 0 ADDR: 88 HTRANS: 3
[MON]: OP: 0 ADDR: 88 WDATA: 0 RDATA: 0 HRESP: 0
[DRV]: OP: 0 ADDR: 90 HTRANS: 3
[MON]: OP: 0 ADDR: 90 WDATA: 0 RDATA: 0 HRESP: 0
[DRV]: OP: 0 ADDR: 92 HTRANS: 3
[MON]: OP: 0 ADDR: 92 WDATA: 0 RDATA: 0 HRESP: 0
[DRV]: OP: 0 ADDR: 94 HTRANS: 3
[MON]: OP: 0 ADDR: 94 WDATA: 0 RDATA: 0 HRESP: 0
[DRV]: OP: 0 ADDR: 96 HTRANS: 3
[MON]: OP: 0 ADDR: 96 WDATA: 0 RDATA: 0 HRESP: 0
[DRV]: OP: 0 ADDR: 98 HTRANS: 3
[MON]: OP: 0 ADDR: 98 WDATA: 0 RDATA: 0 HRESP: 0
[DRV]: OP: 0 ADDR: 100 HTRANS: 3
[MON]: OP: 0 ADDR: 100 WDATA: 0 RDATA: 0 HRESP: 0
[DRV]: OP: 0 ADDR: 102 HTRANS: 3
[MON]: OP: 0 ADDR: 102 WDATA: 0 RDATA: 0 HRESP: 0
[DRV]: OP: 0 ADDR: 104 HTRANS: 3
[MON]: OP: 0 ADDR: 104 WDATA: 0 RDATA: 0 HRESP: 0
[DRV]: OP: 0 ADDR: 106 HTRANS: 3
[MON]: OP: 0 ADDR: 106 WDATA: 0 RDATA: 0 HRESP: 0
[DRV]: OP: 0 ADDR: 108 HTRANS: 3
[MON]: OP: 0 ADDR: 108 WDATA: 0 RDATA: 0 HRESP: 0
[DRV]: OP: 0 ADDR: 110 HTRANS: 3
[MON]: OP: 0 ADDR: 110 WDATA: 0 RDATA: 0 HRESP: 0
[SCO]: Scoreboard report Operation: 0 TOTAL BURSTS RECEIVED: 16 PASS: 16 FAIL: 0
[GEN]: OP: 1 ADDR: 84 WDATA: 1 HSIZE: 1 HBURST: 5 NUM BURSTS: 10
[DRV]: OP: 1 ADDR: 84 HTRANS: 2 WDATA: 42
[MON]: OP: 1 ADDR: 84 WDATA: 42 RDATA: 0 HRESP: 0
[DRV]: OP: 1 ADDR: 86 HTRANS: 3 WDATA: 100
[MON]: OP: 1 ADDR: 86 WDATA: 100 RDATA: 0 HRESP: 0
[DRV]: OP: 1 ADDR: 88 HTRANS: 3 WDATA: 86
[MON]: OP: 1 ADDR: 88 WDATA: 86 RDATA: 0 HRESP: 0
[DRV]: OP: 1 ADDR: 90 HTRANS: 3 WDATA: 88
[MON]: OP: 1 ADDR: 90 WDATA: 88 RDATA: 0 HRESP: 0
[DRV]: OP: 1 ADDR: 92 HTRANS: 3 WDATA: 30
[MON]: OP: 1 ADDR: 92 WDATA: 30 RDATA: 0 HRESP: 0
[DRV]: OP: 1 ADDR: 94 HTRANS: 3 WDATA: 80
[MON]: OP: 1 ADDR: 94 WDATA: 80 RDATA: 0 HRESP: 0
[DRV]: OP: 1 ADDR: 96 HTRANS: 3 WDATA: 46
[MON]: OP: 1 ADDR: 96 WDATA: 46 RDATA: 0 HRESP: 0
[DRV]: OP: 1 ADDR: 98 HTRANS: 3 WDATA: 75
[MON]: OP: 1 ADDR: 98 WDATA: 75 RDATA: 0 HRESP: 0
[SCO]: Scoreboard report Operation: 1 TOTAL BURSTS RECEIVED: 8 PASS: 8 FAIL: 0
[GEN]: OP: 1 ADDR: 44 WDATA: 74 HSIZE: 1 HBURST: 4 NUM BURSTS: 8
[DRV]: OP: 1 ADDR: 44 HTRANS: 2 WDATA: 72
[MON]: OP: 1 ADDR: 44 WDATA: 72 RDATA: 0 HRESP: 0
[DRV]: OP: 1 ADDR: 46 HTRANS: 3 WDATA: 4
[MON]: OP: 1 ADDR: 46 WDATA: 4 RDATA: 0 HRESP: 0
[DRV]: OP: 1 ADDR: 32 HTRANS: 3 WDATA: 54
[MON]: OP: 1 ADDR: 32 WDATA: 54 RDATA: 0 HRESP: 0
[DRV]: OP: 1 ADDR: 34 HTRANS: 3 WDATA: 78
[MON]: OP: 1 ADDR: 34 WDATA: 78 RDATA: 0 HRESP: 0
[DRV]: OP: 1 ADDR: 36 HTRANS: 3 WDATA: 54
[MON]: OP: 1 ADDR: 36 WDATA: 54 RDATA: 0 HRESP: 0
[DRV]: OP: 1 ADDR: 38 HTRANS: 3 WDATA: 37
[MON]: OP: 1 ADDR: 38 WDATA: 37 RDATA: 0 HRESP: 0
[DRV]: OP: 1 ADDR: 40 HTRANS: 3 WDATA: 11
[MON]: OP: 1 ADDR: 40 WDATA: 11 RDATA: 0 HRESP: 0
[DRV]: OP: 1 ADDR: 42 HTRANS: 3 WDATA: 5
[MON]: OP: 1 ADDR: 42 WDATA: 5 RDATA: 0 HRESP: 0
[SCO]: Scoreboard report Operation: 1 TOTAL BURSTS RECEIVED: 8 PASS: 8 FAIL: 0
[GEN]: OP: 0 ADDR: 96 WDATA: 2 HSIZE: 1 HBURST: 6 NUM BURSTS: 8
[DRV]: OP: 0 ADDR: 96 HTRANS: 2
[MON]: OP: 0 ADDR: 96 WDATA: 0 RDATA: 46 HRESP: 0
[DRV]: OP: 0 ADDR: 98 HTRANS: 3
[MON]: OP: 0 ADDR: 98 WDATA: 0 RDATA: 75 HRESP: 0
[DRV]: OP: 0 ADDR: 100 HTRANS: 3
[MON]: OP: 0 ADDR: 100 WDATA: 0 RDATA: 0 HRESP: 0
[DRV]: OP: 0 ADDR: 102 HTRANS: 3
[MON]: OP: 0 ADDR: 102 WDATA: 0 RDATA: 0 HRESP: 0
[DRV]: OP: 0 ADDR: 104 HTRANS: 3
[MON]: OP: 0 ADDR: 104 WDATA: 0 RDATA: 0 HRESP: 0
[DRV]: OP: 0 ADDR: 106 HTRANS: 3
[MON]: OP: 0 ADDR: 106 WDATA: 0 RDATA: 0 HRESP: 0
[DRV]: OP: 0 ADDR: 108 HTRANS: 3
[MON]: OP: 0 ADDR: 108 WDATA: 0 RDATA: 0 HRESP: 0
[DRV]: OP: 0 ADDR: 110 HTRANS: 3
[MON]: OP: 0 ADDR: 110 WDATA: 0 RDATA: 0 HRESP: 0
[DRV]: OP: 0 ADDR: 112 HTRANS: 3
[MON]: OP: 0 ADDR: 112 WDATA: 0 RDATA: 0 HRESP: 0
[DRV]: OP: 0 ADDR: 114 HTRANS: 3
[MON]: OP: 0 ADDR: 114 WDATA: 0 RDATA: 0 HRESP: 0
[DRV]: OP: 0 ADDR: 116 HTRANS: 3
[MON]: OP: 0 ADDR: 116 WDATA: 0 RDATA: 0 HRESP: 0
[DRV]: OP: 0 ADDR: 118 HTRANS: 3
[MON]: OP: 0 ADDR: 118 WDATA: 0 RDATA: 0 HRESP: 0
[DRV]: OP: 0 ADDR: 120 HTRANS: 3
[MON]: OP: 0 ADDR: 120 WDATA: 0 RDATA: 0 HRESP: 0
[DRV]: OP: 0 ADDR: 122 HTRANS: 3
[MON]: OP: 0 ADDR: 122 WDATA: 0 RDATA: 0 HRESP: 0
[DRV]: OP: 0 ADDR: 124 HTRANS: 3
[MON]: OP: 0 ADDR: 124 WDATA: 0 RDATA: 0 HRESP: 0
[DRV]: OP: 0 ADDR: 126 HTRANS: 3
[MON]: OP: 0 ADDR: 126 WDATA: 0 RDATA: 0 HRESP: 0
[SCO]: Scoreboard report Operation: 0 TOTAL BURSTS RECEIVED: 16 PASS: 16 FAIL: 0
[GEN]: OP: 1 ADDR: 90 WDATA: 17 HSIZE: 1 HBURST: 6 NUM BURSTS: 7
[DRV]: OP: 1 ADDR: 90 HTRANS: 2 WDATA: 96
[MON]: OP: 1 ADDR: 90 WDATA: 96 RDATA: 0 HRESP: 0
[DRV]: OP: 1 ADDR: 92 HTRANS: 3 WDATA: 4
[MON]: OP: 1 ADDR: 92 WDATA: 4 RDATA: 0 HRESP: 0
[DRV]: OP: 1 ADDR: 94 HTRANS: 3 WDATA: 64
[MON]: OP: 1 ADDR: 94 WDATA: 64 RDATA: 0 HRESP: 0
[DRV]: OP: 1 ADDR: 64 HTRANS: 3 WDATA: 39
[MON]: OP: 1 ADDR: 64 WDATA: 39 RDATA: 0 HRESP: 0
[DRV]: OP: 1 ADDR: 66 HTRANS: 3 WDATA: 29
[MON]: OP: 1 ADDR: 66 WDATA: 29 RDATA: 0 HRESP: 0
[DRV]: OP: 1 ADDR: 68 HTRANS: 3 WDATA: 79
[MON]: OP: 1 ADDR: 68 WDATA: 79 RDATA: 0 HRESP: 0
[DRV]: OP: 1 ADDR: 70 HTRANS: 3 WDATA: 30
[MON]: OP: 1 ADDR: 70 WDATA: 30 RDATA: 0 HRESP: 0
[DRV]: OP: 1 ADDR: 72 HTRANS: 3 WDATA: 34
[MON]: OP: 1 ADDR: 72 WDATA: 34 RDATA: 0 HRESP: 0
[DRV]: OP: 1 ADDR: 74 HTRANS: 3 WDATA: 78
[MON]: OP: 1 ADDR: 74 WDATA: 78 RDATA: 0 HRESP: 0
[DRV]: OP: 1 ADDR: 76 HTRANS: 3 WDATA: 37
[MON]: OP: 1 ADDR: 76 WDATA: 37 RDATA: 0 HRESP: 0
[DRV]: OP: 1 ADDR: 78 HTRANS: 3 WDATA: 94
[MON]: OP: 1 ADDR: 78 WDATA: 94 RDATA: 0 HRESP: 0
[DRV]: OP: 1 ADDR: 80 HTRANS: 3 WDATA: 11
[MON]: OP: 1 ADDR: 80 WDATA: 11 RDATA: 0 HRESP: 0
[DRV]: OP: 1 ADDR: 82 HTRANS: 3 WDATA: 15
[MON]: OP: 1 ADDR: 82 WDATA: 15 RDATA: 0 HRESP: 0
[DRV]: OP: 1 ADDR: 84 HTRANS: 3 WDATA: 21
[MON]: OP: 1 ADDR: 84 WDATA: 21 RDATA: 0 HRESP: 0
[DRV]: OP: 1 ADDR: 86 HTRANS: 3 WDATA: 56
[MON]: OP: 1 ADDR: 86 WDATA: 56 RDATA: 0 HRESP: 0
[DRV]: OP: 1 ADDR: 88 HTRANS: 3 WDATA: 8
[MON]: OP: 1 ADDR: 88 WDATA: 8 RDATA: 0 HRESP: 0
[SCO]: Scoreboard report Operation: 1 TOTAL BURSTS RECEIVED: 16 PASS: 16 FAIL: 0
[GEN]: OP: 0 ADDR: 62 WDATA: 19 HSIZE: 1 HBURST: 6 NUM BURSTS: 4
[DRV]: OP: 0 ADDR: 62 HTRANS: 2
[MON]: OP: 0 ADDR: 62 WDATA: 0 RDATA: 0 HRESP: 0
[DRV]: OP: 0 ADDR: 32 HTRANS: 3
[MON]: OP: 0 ADDR: 32 WDATA: 0 RDATA: 54 HRESP: 0
[DRV]: OP: 0 ADDR: 34 HTRANS: 3
[MON]: OP: 0 ADDR: 34 WDATA: 0 RDATA: 78 HRESP: 0
[DRV]: OP: 0 ADDR: 36 HTRANS: 3
[MON]: OP: 0 ADDR: 36 WDATA: 0 RDATA: 54 HRESP: 0
[DRV]: OP: 0 ADDR: 38 HTRANS: 3
[MON]: OP: 0 ADDR: 38 WDATA: 0 RDATA: 37 HRESP: 0
[DRV]: OP: 0 ADDR: 40 HTRANS: 3
[MON]: OP: 0 ADDR: 40 WDATA: 0 RDATA: 11 HRESP: 0
[DRV]: OP: 0 ADDR: 42 HTRANS: 3
[MON]: OP: 0 ADDR: 42 WDATA: 0 RDATA: 5 HRESP: 0
[DRV]: OP: 0 ADDR: 44 HTRANS: 3
[MON]: OP: 0 ADDR: 44 WDATA: 0 RDATA: 72 HRESP: 0
[DRV]: OP: 0 ADDR: 46 HTRANS: 3
[MON]: OP: 0 ADDR: 46 WDATA: 0 RDATA: 4 HRESP: 0
[DRV]: OP: 0 ADDR: 48 HTRANS: 3
[MON]: OP: 0 ADDR: 48 WDATA: 0 RDATA: 0 HRESP: 0
[DRV]: OP: 0 ADDR: 50 HTRANS: 3
[MON]: OP: 0 ADDR: 50 WDATA: 0 RDATA: 0 HRESP: 0
[DRV]: OP: 0 ADDR: 52 HTRANS: 3
[MON]: OP: 0 ADDR: 52 WDATA: 0 RDATA: 0 HRESP: 0
[DRV]: OP: 0 ADDR: 54 HTRANS: 3
[MON]: OP: 0 ADDR: 54 WDATA: 0 RDATA: 0 HRESP: 0
[DRV]: OP: 0 ADDR: 56 HTRANS: 3
[MON]: OP: 0 ADDR: 56 WDATA: 0 RDATA: 0 HRESP: 0
[DRV]: OP: 0 ADDR: 58 HTRANS: 3
[MON]: OP: 0 ADDR: 58 WDATA: 0 RDATA: 0 HRESP: 0
[DRV]: OP: 0 ADDR: 60 HTRANS: 3
[MON]: OP: 0 ADDR: 60 WDATA: 0 RDATA: 0 HRESP: 0
[SCO]: Scoreboard report Operation: 0 TOTAL BURSTS RECEIVED: 16 PASS: 16 FAIL: 0
[GEN]: OP: 0 ADDR: 40 WDATA: 4 HSIZE: 1 HBURST: 1 NUM BURSTS: 8
[DRV]: OP: 0 ADDR: 40 HTRANS: 2
[MON]: OP: 0 ADDR: 40 WDATA: 0 RDATA: 11 HRESP: 0
[DRV]: OP: 0 ADDR: 42 HTRANS: 3
[MON]: OP: 0 ADDR: 42 WDATA: 0 RDATA: 5 HRESP: 0
[DRV]: OP: 0 ADDR: 44 HTRANS: 3
[MON]: OP: 0 ADDR: 44 WDATA: 0 RDATA: 72 HRESP: 0
[DRV]: OP: 0 ADDR: 46 HTRANS: 3
[MON]: OP: 0 ADDR: 46 WDATA: 0 RDATA: 4 HRESP: 0
[DRV]: OP: 0 ADDR: 48 HTRANS: 3
[MON]: OP: 0 ADDR: 48 WDATA: 0 RDATA: 0 HRESP: 0
[DRV]: OP: 0 ADDR: 50 HTRANS: 3
[MON]: OP: 0 ADDR: 50 WDATA: 0 RDATA: 0 HRESP: 0
[DRV]: OP: 0 ADDR: 52 HTRANS: 3
[MON]: OP: 0 ADDR: 52 WDATA: 0 RDATA: 0 HRESP: 0
[DRV]: OP: 0 ADDR: 54 HTRANS: 3
[MON]: OP: 0 ADDR: 54 WDATA: 0 RDATA: 0 HRESP: 0
[SCO]: Scoreboard report Operation: 0 TOTAL BURSTS RECEIVED: 8 PASS: 8 FAIL: 0
[GEN]: OP: 1 ADDR: 98 WDATA: 33 HSIZE: 1 HBURST: 6 NUM BURSTS: 5
[DRV]: OP: 1 ADDR: 98 HTRANS: 2 WDATA: 88
[MON]: OP: 1 ADDR: 98 WDATA: 88 RDATA: 0 HRESP: 0
[DRV]: OP: 1 ADDR: 100 HTRANS: 3 WDATA: 6
[MON]: OP: 1 ADDR: 100 WDATA: 6 RDATA: 0 HRESP: 0
[DRV]: OP: 1 ADDR: 102 HTRANS: 3 WDATA: 22
[MON]: OP: 1 ADDR: 102 WDATA: 22 RDATA: 0 HRESP: 0
[DRV]: OP: 1 ADDR: 104 HTRANS: 3 WDATA: 25
[MON]: OP: 1 ADDR: 104 WDATA: 25 RDATA: 0 HRESP: 0
[DRV]: OP: 1 ADDR: 106 HTRANS: 3 WDATA: 61
[MON]: OP: 1 ADDR: 106 WDATA: 61 RDATA: 0 HRESP: 0
[DRV]: OP: 1 ADDR: 108 HTRANS: 3 WDATA: 28
[MON]: OP: 1 ADDR: 108 WDATA: 28 RDATA: 0 HRESP: 0
[DRV]: OP: 1 ADDR: 110 HTRANS: 3 WDATA: 93
[MON]: OP: 1 ADDR: 110 WDATA: 93 RDATA: 0 HRESP: 0
[DRV]: OP: 1 ADDR: 112 HTRANS: 3 WDATA: 98
[MON]: OP: 1 ADDR: 112 WDATA: 98 RDATA: 0 HRESP: 0
[DRV]: OP: 1 ADDR: 114 HTRANS: 3 WDATA: 85
[MON]: OP: 1 ADDR: 114 WDATA: 85 RDATA: 0 HRESP: 0
[DRV]: OP: 1 ADDR: 116 HTRANS: 3 WDATA: 61
[MON]: OP: 1 ADDR: 116 WDATA: 61 RDATA: 0 HRESP: 0
[DRV]: OP: 1 ADDR: 118 HTRANS: 3 WDATA: 1
[MON]: OP: 1 ADDR: 118 WDATA: 1 RDATA: 0 HRESP: 0
[DRV]: OP: 1 ADDR: 120 HTRANS: 3 WDATA: 33
[MON]: OP: 1 ADDR: 120 WDATA: 33 RDATA: 0 HRESP: 0
[DRV]: OP: 1 ADDR: 122 HTRANS: 3 WDATA: 24
[MON]: OP: 1 ADDR: 122 WDATA: 24 RDATA: 0 HRESP: 0
[DRV]: OP: 1 ADDR: 124 HTRANS: 3 WDATA: 15
[MON]: OP: 1 ADDR: 124 WDATA: 15 RDATA: 0 HRESP: 0
[DRV]: OP: 1 ADDR: 126 HTRANS: 3 WDATA: 73
[MON]: OP: 1 ADDR: 126 WDATA: 73 RDATA: 0 HRESP: 0
[DRV]: OP: 1 ADDR: 96 HTRANS: 3 WDATA: 57
[MON]: OP: 1 ADDR: 96 WDATA: 57 RDATA: 0 HRESP: 0
[SCO]: Scoreboard report Operation: 1 TOTAL BURSTS RECEIVED: 16 PASS: 16 FAIL: 0
[GEN]: OP: 1 ADDR: 62 WDATA: 11 HSIZE: 1 HBURST: 1 NUM BURSTS: 9
[DRV]: OP: 1 ADDR: 62 HTRANS: 2 WDATA: 70
[MON]: OP: 1 ADDR: 62 WDATA: 70 RDATA: 0 HRESP: 0
[DRV]: OP: 1 ADDR: 64 HTRANS: 3 WDATA: 86
[MON]: OP: 1 ADDR: 64 WDATA: 86 RDATA: 0 HRESP: 0
[DRV]: OP: 1 ADDR: 66 HTRANS: 3 WDATA: 55
[MON]: OP: 1 ADDR: 66 WDATA: 55 RDATA: 0 HRESP: 0
[DRV]: OP: 1 ADDR: 68 HTRANS: 3 WDATA: 9
[MON]: OP: 1 ADDR: 68 WDATA: 9 RDATA: 0 HRESP: 0
[DRV]: OP: 1 ADDR: 70 HTRANS: 3 WDATA: 55
[MON]: OP: 1 ADDR: 70 WDATA: 55 RDATA: 0 HRESP: 0
[DRV]: OP: 1 ADDR: 72 HTRANS: 3 WDATA: 41
[MON]: OP: 1 ADDR: 72 WDATA: 41 RDATA: 0 HRESP: 0
[DRV]: OP: 1 ADDR: 74 HTRANS: 3 WDATA: 63
[MON]: OP: 1 ADDR: 74 WDATA: 63 RDATA: 0 HRESP: 0
[DRV]: OP: 1 ADDR: 76 HTRANS: 3 WDATA: 19
[MON]: OP: 1 ADDR: 76 WDATA: 19 RDATA: 0 HRESP: 0
[DRV]: OP: 1 ADDR: 78 HTRANS: 3 WDATA: 17
[MON]: OP: 1 ADDR: 78 WDATA: 17 RDATA: 0 HRESP: 0
[SCO]: Scoreboard report Operation: 1 TOTAL BURSTS RECEIVED: 9 PASS: 9 FAIL: 0
[GEN]: OP: 0 ADDR: 50 WDATA: 83 HSIZE: 1 HBURST: 7 NUM BURSTS: 5
[DRV]: OP: 0 ADDR: 50 HTRANS: 2
[MON]: OP: 0 ADDR: 50 WDATA: 0 RDATA: 0 HRESP: 0
[DRV]: OP: 0 ADDR: 52 HTRANS: 3
[MON]: OP: 0 ADDR: 52 WDATA: 0 RDATA: 0 HRESP: 0
[DRV]: OP: 0 ADDR: 54 HTRANS: 3
[MON]: OP: 0 ADDR: 54 WDATA: 0 RDATA: 0 HRESP: 0
[DRV]: OP: 0 ADDR: 56 HTRANS: 3
[MON]: OP: 0 ADDR: 56 WDATA: 0 RDATA: 0 HRESP: 0
[DRV]: OP: 0 ADDR: 58 HTRANS: 3
[MON]: OP: 0 ADDR: 58 WDATA: 0 RDATA: 0 HRESP: 0
[DRV]: OP: 0 ADDR: 60 HTRANS: 3
[MON]: OP: 0 ADDR: 60 WDATA: 0 RDATA: 0 HRESP: 0
[DRV]: OP: 0 ADDR: 62 HTRANS: 3
[MON]: OP: 0 ADDR: 62 WDATA: 0 RDATA: 70 HRESP: 0
[DRV]: OP: 0 ADDR: 64 HTRANS: 3
[MON]: OP: 0 ADDR: 64 WDATA: 0 RDATA: 86 HRESP: 0
[DRV]: OP: 0 ADDR: 66 HTRANS: 3
[MON]: OP: 0 ADDR: 66 WDATA: 0 RDATA: 55 HRESP: 0
[DRV]: OP: 0 ADDR: 68 HTRANS: 3
[MON]: OP: 0 ADDR: 68 WDATA: 0 RDATA: 9 HRESP: 0
[DRV]: OP: 0 ADDR: 70 HTRANS: 3
[MON]: OP: 0 ADDR: 70 WDATA: 0 RDATA: 55 HRESP: 0
[DRV]: OP: 0 ADDR: 72 HTRANS: 3
[MON]: OP: 0 ADDR: 72 WDATA: 0 RDATA: 41 HRESP: 0
[DRV]: OP: 0 ADDR: 74 HTRANS: 3
[MON]: OP: 0 ADDR: 74 WDATA: 0 RDATA: 63 HRESP: 0
[DRV]: OP: 0 ADDR: 76 HTRANS: 3
[MON]: OP: 0 ADDR: 76 WDATA: 0 RDATA: 19 HRESP: 0
[DRV]: OP: 0 ADDR: 78 HTRANS: 3
[MON]: OP: 0 ADDR: 78 WDATA: 0 RDATA: 17 HRESP: 0
[DRV]: OP: 0 ADDR: 80 HTRANS: 3
[MON]: OP: 0 ADDR: 80 WDATA: 0 RDATA: 11 HRESP: 0
[SCO]: Scoreboard report Operation: 0 TOTAL BURSTS RECEIVED: 16 PASS: 16 FAIL: 0
[GEN]: OP: 0 ADDR: 84 WDATA: 97 HSIZE: 1 HBURST: 2 NUM BURSTS: 7
[DRV]: OP: 0 ADDR: 84 HTRANS: 2
[MON]: OP: 0 ADDR: 84 WDATA: 0 RDATA: 21 HRESP: 0
[DRV]: OP: 0 ADDR: 86 HTRANS: 3
[MON]: OP: 0 ADDR: 86 WDATA: 0 RDATA: 56 HRESP: 0
[DRV]: OP: 0 ADDR: 80 HTRANS: 3
[MON]: OP: 0 ADDR: 80 WDATA: 0 RDATA: 11 HRESP: 0
[DRV]: OP: 0 ADDR: 82 HTRANS: 3
[MON]: OP: 0 ADDR: 82 WDATA: 0 RDATA: 15 HRESP: 0
[SCO]: Scoreboard report Operation: 0 TOTAL BURSTS RECEIVED: 4 PASS: 4 FAIL: 0
[GEN]: OP: 0 ADDR: 78 WDATA: 75 HSIZE: 1 HBURST: 2 NUM BURSTS: 4
[DRV]: OP: 0 ADDR: 78 HTRANS: 2
[MON]: OP: 0 ADDR: 78 WDATA: 0 RDATA: 17 HRESP: 0
[DRV]: OP: 0 ADDR: 72 HTRANS: 3
[MON]: OP: 0 ADDR: 72 WDATA: 0 RDATA: 41 HRESP: 0
[DRV]: OP: 0 ADDR: 74 HTRANS: 3
[MON]: OP: 0 ADDR: 74 WDATA: 0 RDATA: 63 HRESP: 0
[DRV]: OP: 0 ADDR: 76 HTRANS: 3
[MON]: OP: 0 ADDR: 76 WDATA: 0 RDATA: 19 HRESP: 0
[SCO]: Scoreboard report Operation: 0 TOTAL BURSTS RECEIVED: 4 PASS: 4 FAIL: 0
[GEN]: OP: 1 ADDR: 90 WDATA: 41 HSIZE: 1 HBURST: 3 NUM BURSTS: 9
[DRV]: OP: 1 ADDR: 90 HTRANS: 2 WDATA: 34
[MON]: OP: 1 ADDR: 90 WDATA: 34 RDATA: 19 HRESP: 0
[DRV]: OP: 1 ADDR: 92 HTRANS: 3 WDATA: 66
[MON]: OP: 1 ADDR: 92 WDATA: 66 RDATA: 19 HRESP: 0
[DRV]: OP: 1 ADDR: 94 HTRANS: 3 WDATA: 25
[MON]: OP: 1 ADDR: 94 WDATA: 25 RDATA: 19 HRESP: 0
[DRV]: OP: 1 ADDR: 96 HTRANS: 3 WDATA: 80
[MON]: OP: 1 ADDR: 96 WDATA: 80 RDATA: 19 HRESP: 0
[SCO]: Scoreboard report Operation: 1 TOTAL BURSTS RECEIVED: 4 PASS: 4 FAIL: 0
[GEN]: OP: 0 ADDR: 86 WDATA: 28 HSIZE: 1 HBURST: 7 NUM BURSTS: 3
[DRV]: OP: 0 ADDR: 86 HTRANS: 2
[MON]: OP: 0 ADDR: 86 WDATA: 0 RDATA: 56 HRESP: 0
[DRV]: OP: 0 ADDR: 88 HTRANS: 3
[MON]: OP: 0 ADDR: 88 WDATA: 0 RDATA: 8 HRESP: 0
[DRV]: OP: 0 ADDR: 90 HTRANS: 3
[MON]: OP: 0 ADDR: 90 WDATA: 0 RDATA: 34 HRESP: 0
[DRV]: OP: 0 ADDR: 92 HTRANS: 3
[MON]: OP: 0 ADDR: 92 WDATA: 0 RDATA: 66 HRESP: 0
[DRV]: OP: 0 ADDR: 94 HTRANS: 3
[MON]: OP: 0 ADDR: 94 WDATA: 0 RDATA: 25 HRESP: 0
[DRV]: OP: 0 ADDR: 96 HTRANS: 3
[MON]: OP: 0 ADDR: 96 WDATA: 0 RDATA: 80 HRESP: 0
[DRV]: OP: 0 ADDR: 98 HTRANS: 3
[MON]: OP: 0 ADDR: 98 WDATA: 0 RDATA: 88 HRESP: 0
[DRV]: OP: 0 ADDR: 100 HTRANS: 3
[MON]: OP: 0 ADDR: 100 WDATA: 0 RDATA: 6 HRESP: 0
[DRV]: OP: 0 ADDR: 102 HTRANS: 3
[MON]: OP: 0 ADDR: 102 WDATA: 0 RDATA: 22 HRESP: 0
[DRV]: OP: 0 ADDR: 104 HTRANS: 3
[MON]: OP: 0 ADDR: 104 WDATA: 0 RDATA: 25 HRESP: 0
[DRV]: OP: 0 ADDR: 106 HTRANS: 3
[MON]: OP: 0 ADDR: 106 WDATA: 0 RDATA: 61 HRESP: 0
[DRV]: OP: 0 ADDR: 108 HTRANS: 3
[MON]: OP: 0 ADDR: 108 WDATA: 0 RDATA: 28 HRESP: 0
[DRV]: OP: 0 ADDR: 110 HTRANS: 3
[MON]: OP: 0 ADDR: 110 WDATA: 0 RDATA: 93 HRESP: 0
[DRV]: OP: 0 ADDR: 112 HTRANS: 3
[MON]: OP: 0 ADDR: 112 WDATA: 0 RDATA: 98 HRESP: 0
[DRV]: OP: 0 ADDR: 114 HTRANS: 3
[MON]: OP: 0 ADDR: 114 WDATA: 0 RDATA: 85 HRESP: 0
[DRV]: OP: 0 ADDR: 116 HTRANS: 3
[MON]: OP: 0 ADDR: 116 WDATA: 0 RDATA: 61 HRESP: 0
[SCO]: Scoreboard report Operation: 0 TOTAL BURSTS RECEIVED: 16 PASS: 16 FAIL: 0
[GEN]: OP: 0 ADDR: 72 WDATA: 51 HSIZE: 1 HBURST: 0 NUM BURSTS: 5
[DRV]: OP: 0 ADDR: 72 HTRANS: 2
[MON]: OP: 0 ADDR: 72 WDATA: 51 RDATA: 41 HRESP: 0
[SCO]: Scoreboard report Operation: 0 TOTAL BURSTS RECEIVED: 1 PASS: 1 FAIL: 0
[GEN]: OP: 0 ADDR: 98 WDATA: 35 HSIZE: 1 HBURST: 0 NUM BURSTS: 9
[DRV]: OP: 0 ADDR: 98 HTRANS: 2
[MON]: OP: 0 ADDR: 98 WDATA: 35 RDATA: 88 HRESP: 0
[SCO]: Scoreboard report Operation: 0 TOTAL BURSTS RECEIVED: 1 PASS: 1 FAIL: 0
[SIM]: ###### SIMULATION ENDED #######
